// Jest Snapshot v1, https://goo.gl/fbAQLP

exports[`renders without crashing 1`] = `
<div
  id="calcu-main-wrapper"
>
  <div
    className="calc-header"
  >
    <div
      className="calc-header-line1"
    >
      <p
        className="button_font"
      >
        CASIO
      </p>
      <p
        className="button_font"
      >
        fx-82MS
      </p>
    </div>
    <div
      className="calc-header-line2"
    >
      <p
        className="font-red"
      >
        S - V.P.A.M.
      </p>
    </div>
  </div>
  <div
    className="calcu-display"
  >
    <div
      className="display-buffer"
    >
      <p
        className="display-overflow-hidden"
        id="display-buffer-text"
      />
    </div>
    <div
      className="display-content"
    >
      <p
        className="display-overflow-hidden"
        id="display-result-text"
      >
        0
      </p>
    </div>
  </div>
  <div
    className="calcu-body display-overflow-hidden"
  >
    <div
      className="buttons-wrapper"
    >
      <button
        className="button-item-gray"
        id="7"
        onClick={[Function]}
      >
        7
      </button>
      <button
        className="button-item-gray"
        id="8"
        onClick={[Function]}
      >
        8
      </button>
      <button
        className="button-item-gray"
        id="9"
        onClick={[Function]}
      >
        9
      </button>
      <button
        className="button-item-red"
        id="DEL"
        onClick={[Function]}
      >
        DEL
      </button>
      <button
        className="button-item-red"
        id="AC"
        onClick={[Function]}
      >
        AC
      </button>
      <button
        className="button-item-gray"
        id="4"
        onClick={[Function]}
      >
        4
      </button>
      <button
        className="button-item-gray"
        id="5"
        onClick={[Function]}
      >
        5
      </button>
      <button
        className="button-item-gray"
        id="6"
        onClick={[Function]}
      >
        6
      </button>
      <button
        className="button-item-gray"
        id="*"
        onClick={[Function]}
      >
        *
      </button>
      <button
        className="button-item-gray"
        id="/"
        onClick={[Function]}
      >
        /
      </button>
      <button
        className="button-item-gray"
        id="1"
        onClick={[Function]}
      >
        1
      </button>
      <button
        className="button-item-gray"
        id="2"
        onClick={[Function]}
      >
        2
      </button>
      <button
        className="button-item-gray"
        id="3"
        onClick={[Function]}
      >
        3
      </button>
      <button
        className="button-item-gray"
        id="+"
        onClick={[Function]}
      >
        +
      </button>
      <button
        className="button-item-gray"
        id="-"
        onClick={[Function]}
      >
        -
      </button>
      <button
        className="button-item-gray"
        id="0"
        onClick={[Function]}
      >
        0
      </button>
      <button
        className="button-item-gray"
        id="."
        onClick={[Function]}
      >
        .
      </button>
      <button
        className="button-item-gray"
        id="+/-"
        onClick={[Function]}
      >
        +/- 
      </button>
      <button
        className="button-item-gray"
        id="%"
        onClick={[Function]}
      >
        %
      </button>
      <button
        className="button-item-gray"
        id="="
        onClick={[Function]}
      >
        =
      </button>
    </div>
  </div>
</div>
`;
